hello-from-subagent
